[1/24] SKIP J2=0,D=3
[2/24] SKIP J2=0,D=4
[3/24] SKIP J2=0,D=5
[4/24] SKIP J2=0.24,D=3
[5/24] SKIP J2=0.24,D=4
[6/24] RUN J2=0.24, D=5, seed=1607170432
  transfer matvec 10 (0.1 s elapsed)
  transfer matvec 20 (0.3 s elapsed)
  transfer matvec 30 (0.4 s elapsed)
  transfer matvec 40 (0.6 s elapsed)
  transfer matvec 50 (0.7 s elapsed)
  transfer matvec 60 (0.9 s elapsed)
  transfer matvec 10 (0.1 s elapsed)
  transfer matvec 20 (0.3 s elapsed)
  transfer matvec 30 (0.4 s elapsed)
  transfer matvec 40 (0.6 s elapsed)
  transfer matvec 50 (0.7 s elapsed)
  transfer matvec 60 (0.9 s elapsed)
  transfer matvec 70 (1.0 s elapsed)
  transfer matvec 80 (1.2 s elapsed)
  transfer matvec 90 (1.3 s elapsed)
  transfer matvec 100 (1.4 s elapsed)
  transfer matvec 110 (1.6 s elapsed)
  transfer matvec 120 (1.7 s elapsed)
[6/24] DONE J2=0.24,D=5: xi13=4.248638454880474, xi31=2.184407780380223, relative difference=0.6417583828904656
[7/24] RUN J2=0.25, D=3, seed=3003368408
  transfer matvec 10 (0.0 s elapsed)
  transfer matvec 20 (0.0 s elapsed)
  transfer matvec 30 (0.0 s elapsed)
  transfer matvec 40 (0.0 s elapsed)
  transfer matvec 50 (0.0 s elapsed)
  transfer matvec 60 (0.1 s elapsed)
  transfer matvec 10 (0.0 s elapsed)
  transfer matvec 20 (0.0 s elapsed)
  transfer matvec 30 (0.0 s elapsed)
  transfer matvec 40 (0.0 s elapsed)
  transfer matvec 50 (0.0 s elapsed)
  transfer matvec 60 (0.0 s elapsed)
[7/24] DONE J2=0.25,D=3: xi13=1.8981434644518989, xi31=2.0236840964509484, relative difference=0.06402149510630126
[8/24] RUN J2=0.25, D=4, seed=1630141498
  transfer matvec 10 (0.0 s elapsed)
  transfer matvec 20 (0.0 s elapsed)
  transfer matvec 30 (0.1 s elapsed)
  transfer matvec 40 (0.1 s elapsed)
  transfer matvec 50 (0.1 s elapsed)
  transfer matvec 60 (0.1 s elapsed)
  transfer matvec 10 (0.0 s elapsed)
  transfer matvec 20 (0.0 s elapsed)
  transfer matvec 30 (0.0 s elapsed)
  transfer matvec 40 (0.1 s elapsed)
  transfer matvec 50 (0.1 s elapsed)
  transfer matvec 60 (0.1 s elapsed)
[8/24] DONE J2=0.25,D=4: xi13=238.21219853945937, xi31=283.2280845094871, relative difference=0.17265979416401234
[9/24] RUN J2=0.25, D=5, seed=2037318389
  transfer matvec 10 (0.1 s elapsed)
  transfer matvec 20 (0.2 s elapsed)
  transfer matvec 30 (0.3 s elapsed)
  transfer matvec 40 (0.4 s elapsed)
  transfer matvec 50 (0.5 s elapsed)
  transfer matvec 60 (0.6 s elapsed)
  transfer matvec 10 (0.1 s elapsed)
  transfer matvec 20 (0.2 s elapsed)
  transfer matvec 30 (0.3 s elapsed)
  transfer matvec 40 (0.4 s elapsed)
  transfer matvec 50 (0.5 s elapsed)
  transfer matvec 60 (0.6 s elapsed)
[9/24] DONE J2=0.25,D=5: xi13=5.283592843779544, xi31=None, relative difference=None
[10/24] RUN J2=0.26, D=3, seed=3355503079
  transfer matvec 10 (0.0 s elapsed)
  transfer matvec 20 (0.0 s elapsed)
  transfer matvec 30 (0.0 s elapsed)
  transfer matvec 40 (0.0 s elapsed)
  transfer matvec 50 (0.1 s elapsed)
  transfer matvec 60 (0.1 s elapsed)
  transfer matvec 10 (0.0 s elapsed)
  transfer matvec 20 (0.0 s elapsed)
  transfer matvec 30 (0.0 s elapsed)
  transfer matvec 40 (0.0 s elapsed)
  transfer matvec 50 (0.0 s elapsed)
  transfer matvec 60 (0.0 s elapsed)
[10/24] DONE J2=0.26,D=3: xi13=62.01947284645795, xi31=8.438949047099785, relative difference=1.5209118330893876
[11/24] RUN J2=0.26, D=4, seed=2216623289
  transfer matvec 10 (0.0 s elapsed)
  transfer matvec 20 (0.0 s elapsed)
  transfer matvec 30 (0.1 s elapsed)
  transfer matvec 40 (0.1 s elapsed)
  transfer matvec 50 (0.1 s elapsed)
  transfer matvec 60 (0.1 s elapsed)
  transfer matvec 10 (0.0 s elapsed)
  transfer matvec 20 (0.0 s elapsed)
  transfer matvec 30 (0.1 s elapsed)
  transfer matvec 40 (0.1 s elapsed)
  transfer matvec 50 (0.1 s elapsed)
  transfer matvec 60 (0.1 s elapsed)
[11/24] DONE J2=0.26,D=4: xi13=45.56667424682608, xi31=10.587997986045512, relative difference=1.2457975398992678
[12/24] RUN J2=0.26, D=5, seed=1197445827
  transfer matvec 10 (0.1 s elapsed)
  transfer matvec 20 (0.2 s elapsed)
  transfer matvec 30 (0.3 s elapsed)
  transfer matvec 40 (0.4 s elapsed)
  transfer matvec 50 (0.5 s elapsed)
  transfer matvec 60 (0.6 s elapsed)
  transfer matvec 10 (0.1 s elapsed)
  transfer matvec 20 (0.2 s elapsed)
  transfer matvec 30 (0.3 s elapsed)
  transfer matvec 40 (0.4 s elapsed)
  transfer matvec 50 (0.5 s elapsed)
  transfer matvec 60 (0.6 s elapsed)
[12/24] DONE J2=0.26,D=5: xi13=5.126719091153168, xi31=393.068049521455, relative difference=1.9485003872952353
[13/24] RUN J2=0.27, D=3, seed=4210705285
  transfer matvec 10 (0.0 s elapsed)
  transfer matvec 20 (0.0 s elapsed)
  transfer matvec 30 (0.0 s elapsed)
  transfer matvec 40 (0.0 s elapsed)
  transfer matvec 50 (0.0 s elapsed)
  transfer matvec 60 (0.0 s elapsed)
  transfer matvec 10 (0.0 s elapsed)
  transfer matvec 20 (0.0 s elapsed)
  transfer matvec 30 (0.0 s elapsed)
  transfer matvec 40 (0.0 s elapsed)
  transfer matvec 50 (0.0 s elapsed)
  transfer matvec 60 (0.0 s elapsed)
[13/24] DONE J2=0.27,D=3: xi13=2.0157571827599994, xi31=2.0598309012621563, relative difference=0.021628151615685858
[14/24] RUN J2=0.27, D=4, seed=1847981595
  transfer matvec 10 (0.0 s elapsed)
  transfer matvec 20 (0.0 s elapsed)
  transfer matvec 30 (0.1 s elapsed)
  transfer matvec 40 (0.1 s elapsed)
  transfer matvec 50 (0.1 s elapsed)
  transfer matvec 60 (0.1 s elapsed)
  transfer matvec 10 (0.0 s elapsed)
  transfer matvec 20 (0.0 s elapsed)
  transfer matvec 30 (0.1 s elapsed)
  transfer matvec 40 (0.1 s elapsed)
  transfer matvec 50 (0.1 s elapsed)
  transfer matvec 60 (0.1 s elapsed)
[14/24] DONE J2=0.27,D=4: xi13=0.5581012063854776, xi31=2.090110554397185, relative difference=1.1570142317915935
[15/24] RUN J2=0.27, D=5, seed=3418126237
  transfer matvec 10 (0.1 s elapsed)
  transfer matvec 20 (0.2 s elapsed)
  transfer matvec 30 (0.3 s elapsed)
  transfer matvec 40 (0.4 s elapsed)
  transfer matvec 50 (0.5 s elapsed)
  transfer matvec 60 (0.6 s elapsed)
  transfer matvec 10 (0.1 s elapsed)
  transfer matvec 20 (0.2 s elapsed)
  transfer matvec 30 (0.3 s elapsed)
  transfer matvec 40 (0.4 s elapsed)
  transfer matvec 50 (0.5 s elapsed)
  transfer matvec 60 (0.6 s elapsed)
[15/24] DONE J2=0.27,D=5: xi13=4.014818651592848, xi31=6.9534910470500915, relative difference=0.5358478154242549
[16/24] RUN J2=0.28, D=3, seed=1847126882
  transfer matvec 10 (0.0 s elapsed)
  transfer matvec 20 (0.0 s elapsed)
  transfer matvec 30 (0.0 s elapsed)
  transfer matvec 40 (0.0 s elapsed)
  transfer matvec 50 (0.0 s elapsed)
  transfer matvec 60 (0.1 s elapsed)
  transfer matvec 10 (0.0 s elapsed)
  transfer matvec 20 (0.0 s elapsed)
  transfer matvec 30 (0.0 s elapsed)
  transfer matvec 40 (0.0 s elapsed)
  transfer matvec 50 (0.0 s elapsed)
  transfer matvec 60 (0.0 s elapsed)
[16/24] DONE J2=0.28,D=3: xi13=38.29281961106699, xi31=3.0822824401588984, relative difference=1.7020157256561907
[17/24] RUN J2=0.28, D=4, seed=1394545285
  transfer matvec 10 (0.0 s elapsed)
  transfer matvec 20 (0.0 s elapsed)
  transfer matvec 30 (0.1 s elapsed)
  transfer matvec 40 (0.1 s elapsed)
  transfer matvec 50 (0.1 s elapsed)
  transfer matvec 60 (0.1 s elapsed)
  transfer matvec 10 (0.0 s elapsed)
  transfer matvec 20 (0.0 s elapsed)
  transfer matvec 30 (0.1 s elapsed)
  transfer matvec 40 (0.1 s elapsed)
  transfer matvec 50 (0.1 s elapsed)
  transfer matvec 60 (0.1 s elapsed)
[17/24] DONE J2=0.28,D=4: xi13=0.5780500284002434, xi31=26.607791206167978, relative difference=1.914948369864645
[18/24] RUN J2=0.28, D=5, seed=3078232957
  transfer matvec 10 (0.1 s elapsed)
  transfer matvec 20 (0.2 s elapsed)
  transfer matvec 30 (0.3 s elapsed)
  transfer matvec 40 (0.4 s elapsed)
  transfer matvec 50 (0.5 s elapsed)
  transfer matvec 60 (0.6 s elapsed)
  transfer matvec 10 (0.1 s elapsed)
  transfer matvec 20 (0.2 s elapsed)
  transfer matvec 30 (0.3 s elapsed)
  transfer matvec 40 (0.4 s elapsed)
  transfer matvec 50 (0.5 s elapsed)
  transfer matvec 60 (0.6 s elapsed)
[18/24] DONE J2=0.28,D=5: xi13=27.32028827481841, xi31=None, relative difference=None
[19/24] RUN J2=0.29, D=3, seed=1247167715
  transfer matvec 10 (0.0 s elapsed)
  transfer matvec 20 (0.0 s elapsed)
  transfer matvec 30 (0.0 s elapsed)
  transfer matvec 40 (0.0 s elapsed)
  transfer matvec 50 (0.0 s elapsed)
  transfer matvec 60 (0.1 s elapsed)
  transfer matvec 10 (0.0 s elapsed)
  transfer matvec 20 (0.0 s elapsed)
  transfer matvec 30 (0.0 s elapsed)
  transfer matvec 40 (0.0 s elapsed)
  transfer matvec 50 (0.0 s elapsed)
  transfer matvec 60 (0.0 s elapsed)
[19/24] DONE J2=0.29,D=3: xi13=1.0125454663948763, xi31=1.0299189349089783, relative difference=0.017012260779684856
[20/24] RUN J2=0.29, D=4, seed=1625121563
  transfer matvec 10 (0.0 s elapsed)
  transfer matvec 20 (0.0 s elapsed)
  transfer matvec 30 (0.1 s elapsed)
  transfer matvec 40 (0.1 s elapsed)
  transfer matvec 50 (0.1 s elapsed)
  transfer matvec 60 (0.1 s elapsed)
  transfer matvec 10 (0.0 s elapsed)
  transfer matvec 20 (0.0 s elapsed)
  transfer matvec 30 (0.0 s elapsed)
  transfer matvec 40 (0.1 s elapsed)
  transfer matvec 50 (0.1 s elapsed)
  transfer matvec 60 (0.1 s elapsed)
[20/24] DONE J2=0.29,D=4: xi13=0.5993175479343358, xi31=0.9035086984980399, relative difference=0.4048254431087249
[21/24] RUN J2=0.29, D=5, seed=691949726
  transfer matvec 10 (0.1 s elapsed)
  transfer matvec 20 (0.2 s elapsed)
  transfer matvec 30 (0.3 s elapsed)
  transfer matvec 40 (0.4 s elapsed)
  transfer matvec 50 (0.5 s elapsed)
  transfer matvec 60 (0.6 s elapsed)
  transfer matvec 70 (0.7 s elapsed)
  transfer matvec 80 (0.8 s elapsed)
  transfer matvec 90 (0.9 s elapsed)
  transfer matvec 100 (1.0 s elapsed)
  transfer matvec 110 (1.1 s elapsed)
  transfer matvec 120 (1.1 s elapsed)
  transfer matvec 10 (0.1 s elapsed)
  transfer matvec 20 (0.2 s elapsed)
  transfer matvec 30 (0.3 s elapsed)
  transfer matvec 40 (0.4 s elapsed)
  transfer matvec 50 (0.5 s elapsed)
  transfer matvec 60 (0.6 s elapsed)
[21/24] DONE J2=0.29,D=5: xi13=None, xi31=49.07139623738129, relative difference=None
[22/24] RUN J2=0.3, D=3, seed=3621836089
  transfer matvec 10 (0.0 s elapsed)
  transfer matvec 20 (0.0 s elapsed)
  transfer matvec 30 (0.0 s elapsed)
  transfer matvec 40 (0.0 s elapsed)
  transfer matvec 50 (0.0 s elapsed)
  transfer matvec 60 (0.1 s elapsed)
  transfer matvec 10 (0.0 s elapsed)
  transfer matvec 20 (0.0 s elapsed)
  transfer matvec 30 (0.0 s elapsed)
  transfer matvec 40 (0.0 s elapsed)
  transfer matvec 50 (0.0 s elapsed)
  transfer matvec 60 (0.0 s elapsed)
[22/24] DONE J2=0.3,D=3: xi13=1.3005136721974988, xi31=1.247157494225853, relative difference=0.0418862360848178
[23/24] RUN J2=0.3, D=4, seed=3650097268
  transfer matvec 10 (0.0 s elapsed)
  transfer matvec 20 (0.0 s elapsed)
  transfer matvec 30 (0.1 s elapsed)
  transfer matvec 40 (0.1 s elapsed)
  transfer matvec 50 (0.1 s elapsed)
  transfer matvec 60 (0.1 s elapsed)
  transfer matvec 10 (0.0 s elapsed)
  transfer matvec 20 (0.0 s elapsed)
  transfer matvec 30 (0.0 s elapsed)
  transfer matvec 40 (0.1 s elapsed)
  transfer matvec 50 (0.1 s elapsed)
  transfer matvec 60 (0.1 s elapsed)
[23/24] DONE J2=0.3,D=4: xi13=None, xi31=3.0212161295910884, relative difference=None
[24/24] RUN J2=0.3, D=5, seed=2303095820
  transfer matvec 10 (0.1 s elapsed)
  transfer matvec 20 (0.2 s elapsed)
  transfer matvec 30 (0.3 s elapsed)
  transfer matvec 40 (0.4 s elapsed)
  transfer matvec 50 (0.5 s elapsed)
  transfer matvec 60 (0.6 s elapsed)
  transfer matvec 10 (0.1 s elapsed)
  transfer matvec 20 (0.2 s elapsed)
  transfer matvec 30 (0.3 s elapsed)
  transfer matvec 40 (0.4 s elapsed)
  transfer matvec 50 (0.5 s elapsed)
  transfer matvec 60 (0.6 s elapsed)
[24/24] DONE J2=0.3,D=5: xi13=None, xi31=2.538478633370745, relative difference=None
Saved 24 result(s) to D:\HyraiOn\ENS_Lyon\Internship\2026-EPFL\6-AD-CTMRG\models\0727core\temporary_crossed_environment_correlation_lengths.json
